{2: 22, 1: 11, 3: 33}
11
{2: 22, 1: 11, 3: 33, 4: 44}
{1: 11, 3: 33, 4: 44}
3
list:[1, 3, 4]
false
true
