node:1
node:1.200000
node:Hello World!
node:true
node:22
