Expr(Dict());
Expr(Dict(key:String_Lit(a),value:String_Lit(b)));
Expr(Dict(key:String_Lit(a),value:String_Lit(b), key:String_Lit(c),value:String_Lit(d)));
