Expr(Num_Lit(20));
Expr(Num_Lit(20.));
Expr(String_Lit(str));
